---
source: crates/mun_syntax/src/tests/lexer.rs
expression: "1.34\n0x3Af\n1e-3\n100_000\n0x3a_u32\n1f32\n0o71234"
---
FLOAT_NUMBER 4 "1.34"
WHITESPACE 1 "\n"
INT_NUMBER 5 "0x3Af"
WHITESPACE 1 "\n"
FLOAT_NUMBER 4 "1e-3"
WHITESPACE 1 "\n"
INT_NUMBER 7 "100_000"
WHITESPACE 1 "\n"
INT_NUMBER 8 "0x3a_u32"
WHITESPACE 1 "\n"
INT_NUMBER 4 "1f32"
WHITESPACE 1 "\n"
INT_NUMBER 7 "0o71234"

