---
source: crates/mun_codegen/src/test.rs
expression: "pub fn main() {\n}"
---
; == FILE IR =====================================
; ModuleID = 'main.mun'
source_filename = "main.mun"

define void @main() {
body:
  ret void
}


; == GROUP IR ====================================
; ModuleID = 'group_name'
source_filename = "group_name"

